<html>
<body>
<pre>
<h1>µVision Build Log</h1>
<h2>Project:</h2>
D:\DU AN\A chuong\Inverter\code\Keil\Inverter.uvproj
Project File Date:  11/09/2011

<h2>Output:</h2>
Build target 'Inverter_LPC1758'
assembling startup_LPC17xx.s...
compiling core_cm3.c...
compiling system_LPC17xx.c...
compiling main.c...
..\src\main.c(233): warning:  #111-D: statement is unreachable
compiling delay.c...
compiling application.c...
compiling table_sin.c...
compiling sensor.c...
compiling power.c...
compiling filter.c...
compiling tone.c...
compiling debug_frmwrk.c...
compiling lpc17xx_adc.c...
compiling lpc17xx_can.c...
compiling lpc17xx_clkpwr.c...
compiling lpc17xx_dac.c...
compiling lpc17xx_emac.c...
compiling lpc17xx_exti.c...
compiling lpc17xx_gpdma.c...
compiling lpc17xx_gpio.c...
..\Drivers\source\lpc17xx_gpio.c(293): warning:  #188-D: enumerated type mixed with another type
..\Drivers\source\lpc17xx_gpio.c(295): warning:  #188-D: enumerated type mixed with another type
..\Drivers\source\lpc17xx_gpio.c(297): warning:  #188-D: enumerated type mixed with another type
..\Drivers\source\lpc17xx_gpio.c(299): warning:  #188-D: enumerated type mixed with another type
..\Drivers\source\lpc17xx_gpio.c(617): warning:  #186-D: pointless comparison of unsigned integer with zero
..\Drivers\source\lpc17xx_gpio.c(623): warning:  #186-D: pointless comparison of unsigned integer with zero
..\Drivers\source\lpc17xx_gpio.c(655): warning:  #186-D: pointless comparison of unsigned integer with zero
..\Drivers\source\lpc17xx_gpio.c(661): warning:  #186-D: pointless comparison of unsigned integer with zero
..\Drivers\source\lpc17xx_gpio.c(687): warning:  #186-D: pointless comparison of unsigned integer with zero
..\Drivers\source\lpc17xx_gpio.c(712): warning:  #186-D: pointless comparison of unsigned integer with zero
..\Drivers\source\lpc17xx_gpio.c(732): warning:  #186-D: pointless comparison of unsigned integer with zero
compiling lpc17xx_i2c.c...
compiling lpc17xx_i2s.c...
compiling lpc17xx_libcfg_default.c...
compiling lpc17xx_mcpwm.c...
..\Drivers\source\lpc17xx_mcpwm.c(87): warning:  #186-D: pointless comparison of unsigned integer with zero
..\Drivers\source\lpc17xx_mcpwm.c(105): warning:  #186-D: pointless comparison of unsigned integer with zero
..\Drivers\source\lpc17xx_mcpwm.c(107): warning:  #186-D: pointless comparison of unsigned integer with zero
..\Drivers\source\lpc17xx_mcpwm.c(111): warning:  #186-D: pointless comparison of unsigned integer with zero
..\Drivers\source\lpc17xx_mcpwm.c(113): warning:  #186-D: pointless comparison of unsigned integer with zero
..\Drivers\source\lpc17xx_mcpwm.c(117): warning:  #186-D: pointless comparison of unsigned integer with zero
..\Drivers\source\lpc17xx_mcpwm.c(118): warning:  #186-D: pointless comparison of unsigned integer with zero
..\Drivers\source\lpc17xx_mcpwm.c(119): warning:  #186-D: pointless comparison of unsigned integer with zero
..\Drivers\source\lpc17xx_mcpwm.c(121): warning:  #186-D: pointless comparison of unsigned integer with zero
..\Drivers\source\lpc17xx_mcpwm.c(125): warning:  #186-D: pointless comparison of unsigned integer with zero
..\Drivers\source\lpc17xx_mcpwm.c(127): warning:  #186-D: pointless comparison of unsigned integer with zero
..\Drivers\source\lpc17xx_mcpwm.c(175): warning:  #186-D: pointless comparison of unsigned integer with zero
..\Drivers\source\lpc17xx_mcpwm.c(178): warning:  #186-D: pointless comparison of unsigned integer with zero
..\Drivers\source\lpc17xx_mcpwm.c(178): warning:  #186-D: pointless comparison of unsigned integer with zero
..\Drivers\source\lpc17xx_mcpwm.c(180): warning:  #186-D: pointless comparison of unsigned integer with zero
..\Drivers\source\lpc17xx_mcpwm.c(180): warning:  #186-D: pointless comparison of unsigned integer with zero
..\Drivers\source\lpc17xx_mcpwm.c(184): warning:  #186-D: pointless comparison of unsigned integer with zero
..\Drivers\source\lpc17xx_mcpwm.c(184): warning:  #186-D: pointless comparison of unsigned integer with zero
..\Drivers\source\lpc17xx_mcpwm.c(186): warning:  #186-D: pointless comparison of unsigned integer with zero
..\Drivers\source\lpc17xx_mcpwm.c(186): warning:  #186-D: pointless comparison of unsigned integer with zero
..\Drivers\source\lpc17xx_mcpwm.c(190): warning:  #186-D: pointless comparison of unsigned integer with zero
..\Drivers\source\lpc17xx_mcpwm.c(192): warning:  #186-D: pointless comparison of unsigned integer with zero
..\Drivers\source\lpc17xx_mcpwm.c(196): warning:  #186-D: pointless comparison of unsigned integer with zero
..\Drivers\source\lpc17xx_mcpwm.c(198): warning:  #186-D: pointless comparison of unsigned integer with zero
..\Drivers\source\lpc17xx_mcpwm.c(213): warning:  #186-D: pointless comparison of unsigned integer with zero
..\Drivers\source\lpc17xx_mcpwm.c(252): warning:  #186-D: pointless comparison of unsigned integer with zero
..\Drivers\source\lpc17xx_mcpwm.c(254): warning:  #186-D: pointless comparison of unsigned integer with zero
..\Drivers\source\lpc17xx_mcpwm.c(256): warning:  #186-D: pointless comparison of unsigned integer with zero
..\Drivers\source\lpc17xx_mcpwm.c(256): warning:  #186-D: pointless comparison of unsigned integer with zero
..\Drivers\source\lpc17xx_mcpwm.c(258): warning:  #186-D: pointless comparison of unsigned integer with zero
..\Drivers\source\lpc17xx_mcpwm.c(258): warning:  #186-D: pointless comparison of unsigned integer with zero
..\Drivers\source\lpc17xx_mcpwm.c(261): warning:  #186-D: pointless comparison of unsigned integer with zero
..\Drivers\source\lpc17xx_mcpwm.c(261): warning:  #186-D: pointless comparison of unsigned integer with zero
..\Drivers\source\lpc17xx_mcpwm.c(263): warning:  #186-D: pointless comparison of unsigned integer with zero
..\Drivers\source\lpc17xx_mcpwm.c(263): warning:  #186-D: pointless comparison of unsigned integer with zero
..\Drivers\source\lpc17xx_mcpwm.c(266): warning:  #186-D: pointless comparison of unsigned integer with zero
..\Drivers\source\lpc17xx_mcpwm.c(370): warning:  #61-D: integer operation result is out of range
..\Drivers\source\lpc17xx_mcpwm.c(372): warning:  #61-D: integer operation result is out of range
compiling lpc17xx_nvic.c...
compiling lpc17xx_pinsel.c...
compiling lpc17xx_pwm.c...
compiling lpc17xx_qei.c...
compiling lpc17xx_rit.c...
compiling lpc17xx_rtc.c...
compiling lpc17xx_spi.c...
compiling lpc17xx_ssp.c...
compiling lpc17xx_systick.c...
compiling lpc17xx_timer.c...
..\Drivers\source\lpc17xx_timer.c(108): warning:  #68-D: integer conversion resulted in a change of sign
compiling lpc17xx_uart.c...
compiling lpc17xx_wdt.c...
linking...
Program Size: Code=19512 RO-data=2648 RW-data=1180 ZI-data=6636  
FromELF: creating hex file...
".\Flash\Inverter.axf" - 0 Error(s), 51 Warning(s).
